============================= test session starts =============================
platform win32 -- Python 3.14.3, pytest-9.0.2, pluggy-1.6.0
rootdir: C:\Users\haris\Downloads\final year project\project da mouney\backend
plugins: anyio-4.12.1, langsmith-0.7.3, mock-3.15.1
collected 3 items

tests\test_ai.py FFF                                                     [100%]

================================== FAILURES ===================================
_____________________ test_intent_classifier_returns_dict _____________________
async def functions are not natively supported.
You need to install a suitable plugin for your async framework, for example:
  - anyio
  - pytest-asyncio
  - pytest-tornasync
  - pytest-trio
  - pytest-twisted
_______________________ test_intent_classifier_fallback _______________________
async def functions are not natively supported.
You need to install a suitable plugin for your async framework, for example:
  - anyio
  - pytest-asyncio
  - pytest-tornasync
  - pytest-trio
  - pytest-twisted
_______________________ test_task_planner_returns_plan ________________________
async def functions are not natively supported.
You need to install a suitable plugin for your async framework, for example:
  - anyio
  - pytest-asyncio
  - pytest-tornasync
  - pytest-trio
  - pytest-twisted
============================== warnings summary ===============================
tests\test_ai.py:12
  C:\Users\haris\Downloads\final year project\project da mouney\backend\tests\test_ai.py:12: PytestUnknownMarkWarning: Unknown pytest.mark.asyncio - is this a typo?  You can register custom marks to avoid this warning - for details, see https://docs.pytest.org/en/stable/how-to/mark.html
    @pytest.mark.asyncio

tests\test_ai.py:28
  C:\Users\haris\Downloads\final year project\project da mouney\backend\tests\test_ai.py:28: PytestUnknownMarkWarning: Unknown pytest.mark.asyncio - is this a typo?  You can register custom marks to avoid this warning - for details, see https://docs.pytest.org/en/stable/how-to/mark.html
    @pytest.mark.asyncio

tests\test_ai.py:44
  C:\Users\haris\Downloads\final year project\project da mouney\backend\tests\test_ai.py:44: PytestUnknownMarkWarning: Unknown pytest.mark.asyncio - is this a typo?  You can register custom marks to avoid this warning - for details, see https://docs.pytest.org/en/stable/how-to/mark.html
    @pytest.mark.asyncio

-- Docs: https://docs.pytest.org/en/stable/how-to/capture-warnings.html
=========================== short test summary info ===========================
FAILED tests/test_ai.py::test_intent_classifier_returns_dict - Failed: async ...
FAILED tests/test_ai.py::test_intent_classifier_fallback - Failed: async def ...
FAILED tests/test_ai.py::test_task_planner_returns_plan - Failed: async def f...
======================== 3 failed, 3 warnings in 0.02s ========================
